74.125.158.82 - - [28/Apr/2010:00:00:33 -0700] "GET /feed/atom.xml HTTP/1.1" 200 16271
174.37.205.67 - - [28/Apr/2010:00:01:39 -0700] "GET / HTTP/1.1" 200 16673
212.25.110.130 - - [28/Apr/2010:00:07:38 -0700] "GET /2006/06/27/dry-out-your-database-yml HTTP/1.1" 200 4109
212.25.110.130 - - [28/Apr/2010:00:07:38 -0700] "GET /stylesheets/main.css HTTP/1.1" 200 1798
212.25.110.130 - - [28/Apr/2010:00:07:39 -0700] "GET /images/bg.png HTTP/1.1" 200 142
212.25.110.130 - - [28/Apr/2010:00:07:39 -0700] "GET /images/user.gif HTTP/1.1" 200 287
212.25.110.130 - - [28/Apr/2010:00:07:40 -0700] "GET /images/post.gif HTTP/1.1" 200 276
212.25.110.130 - - [28/Apr/2010:00:07:45 -0700] "GET /favicon.ico HTTP/1.1" 200 -
209.85.238.35 - - [28/Apr/2010:00:08:02 -0700] "GET /feed/atom.xml HTTP/1.1" 301 204
72.14.184.21 - - [28/Apr/2010:00:08:23 -0700] "GET /feed/atom.xml HTTP/1.0" 301 250
67.195.111.189 - - [28/Apr/2010:00:10:20 -0700] "GET /feed/atom.xml HTTP/1.0" 301 204
83.19.65.82 - - [28/Apr/2010:00:12:01 -0700] "GET /favicon.ico HTTP/1.1" 200 -
208.80.193.34 - - [28/Apr/2010:00:16:03 -0700] "GET / HTTP/1.0" 200 1614
38.99.96.152 - - [28/Apr/2010:00:18:55 -0700] "GET /robots.txt HTTP/1.1" 200 99
38.99.96.152 - - [28/Apr/2010:00:18:55 -0700] "GET / HTTP/1.1" 200 16673
74.125.158.80 - - [28/Apr/2010:00:19:31 -0700] "GET /atom.xml HTTP/1.1" 304 -
145.253.74.114 - - [28/Apr/2010:00:21:41 -0700] "GET /favicon.ico HTTP/1.1" 200 -
74.125.158.81 - - [28/Apr/2010:00:22:08 -0700] "GET /feed/atom.xml HTTP/1.1" 200 16271
220.181.7.129 - - [28/Apr/2010:00:22:51 -0700] "GET / HTTP/1.1" 200 4334
123.125.66.86 - - [28/Apr/2010:00:22:59 -0700] "GET / HTTP/1.1" 200 4334
38.99.97.44 - - [28/Apr/2010:00:26:53 -0700] "GET /robots.txt HTTP/1.1" 200 98
38.99.97.44 - - [28/Apr/2010:00:27:13 -0700] "GET /projects/show/midiator HTTP/1.1" 200 4704
38.99.97.44 - - [28/Apr/2010:00:27:33 -0700] "GET /favicon.ico HTTP/1.1" 200 -
67.218.116.134 - - [28/Apr/2010:00:29:09 -0700] "GET / HTTP/1.1" 301 229
67.195.111.189 - - [28/Apr/2010:00:30:19 -0700] "GET / HTTP/1.0" 304 -
72.14.184.21 - - [28/Apr/2010:00:35:11 -0700] "GET /feed/atom.xml HTTP/1.0" 301 250
208.80.193.43 - - [28/Apr/2010:00:37:28 -0700] "GET / HTTP/1.0" 301 229
74.125.158.82 - - [28/Apr/2010:00:38:14 -0700] "GET /feed/atom.xml HTTP/1.1" 200 16271
67.218.116.132 - - [28/Apr/2010:00:40:17 -0700] "GET /2008/3/23/controlling-a-blinkm-from-max-msp HTTP/1.1" 200 2105
114.80.93.71 - - [28/Apr/2010:00:41:14 -0700] "GET / HTTP/1.1" 301 229
114.80.93.71 - - [28/Apr/2010:00:41:52 -0700] "GET / HTTP/1.1" 200 3703
83.19.65.82 - - [28/Apr/2010:00:42:03 -0700] "GET /favicon.ico HTTP/1.1" 200 -
114.80.93.71 - - [28/Apr/2010:00:42:03 -0700] "GET /css/styles.css HTTP/1.1" 200 3020
114.80.93.71 - - [28/Apr/2010:00:42:04 -0700] "GET /css/syntax.css HTTP/1.1" 200 3738
114.80.93.71 - - [28/Apr/2010:00:42:05 -0700] "GET /js/jquery.js HTTP/1.1" 200 72174
114.80.93.71 - - [28/Apr/2010:00:42:06 -0700] "GET /js/site.js HTTP/1.1" 200 1117
65.55.207.98 - - [28/Apr/2010:00:44:39 -0700] "GET /robots.txt HTTP/1.1" 301 239
67.218.116.133 - - [28/Apr/2010:00:48:31 -0700] "GET /articles/blogging-like-a-hacker-part-two.html HTTP/1.1" 200 9187
174.36.241.157 - - [28/Apr/2010:00:49:47 -0700] "GET /feed/atom.xml HTTP/1.1" 301 204
145.253.74.114 - - [28/Apr/2010:00:51:46 -0700] "GET /favicon.ico HTTP/1.1" 200 -
207.46.195.224 - - [28/Apr/2010:00:53:26 -0700] "GET / HTTP/1.1" 304 -
207.46.199.185 - - [28/Apr/2010:00:54:10 -0700] "GET /robots.txt HTTP/1.1" 200 98
208.80.193.37 - - [28/Apr/2010:00:56:14 -0700] "GET / HTTP/1.0" 200 4323
123.125.66.54 - - [28/Apr/2010:00:56:45 -0700] "GET / HTTP/1.1" 200 16673
74.125.158.81 - - [28/Apr/2010:01:00:52 -0700] "GET /feed/atom.xml HTTP/1.1" 200 16271
38.99.97.185 - - [28/Apr/2010:01:04:02 -0700] "GET /robots.txt HTTP/1.1" 200 99
38.99.97.185 - - [28/Apr/2010:01:04:02 -0700] "GET / HTTP/1.1" 200 16673
119.63.193.56 - - [28/Apr/2010:01:04:04 -0700] "GET /robots.txt HTTP/1.1" 200 98
72.14.184.21 - - [28/Apr/2010:01:05:03 -0700] "GET /feed/atom.xml HTTP/1.0" 301 250
83.19.65.82 - - [28/Apr/2010:01:12:02 -0700] "GET /favicon.ico HTTP/1.1" 200 -
207.46.13.99 - - [28/Apr/2010:01:13:56 -0700] "GET /projects/midiator/news?format=atom HTTP/1.1" 500 576
69.63.180.249 - - [28/Apr/2010:01:14:29 -0700] "GET /feed/atom.xml HTTP/1.1" 301 204
72.30.161.242 - - [28/Apr/2010:01:15:19 -0700] "GET /robots.txt HTTP/1.0" 200 99
72.30.161.242 - - [28/Apr/2010:01:15:20 -0700] "GET /pages/mateup HTTP/1.0" 304 -
72.30.161.242 - - [28/Apr/2010:01:15:20 -0700] "GET /stylesheets/main.css HTTP/1.0" 304 -
207.46.13.99 - - [28/Apr/2010:01:15:24 -0700] "GET /projects/midiator/news?format=atom HTTP/1.0" 500 576
74.125.158.82 - - [28/Apr/2010:01:18:32 -0700] "GET /feed/atom.xml HTTP/1.1" 200 16271
61.41.172.247 - - [28/Apr/2010:01:21:51 -0700] "GET / HTTP/1.1" 200 61843
74.125.158.82 - - [28/Apr/2010:01:21:54 -0700] "GET /atom.xml HTTP/1.1" 304 -
220.181.7.101 - - [28/Apr/2010:01:22:27 -0700] "GET /robots.txt HTTP/1.1" 301 239
145.253.74.114 - - [28/Apr/2010:01:24:21 -0700] "GET /favicon.ico HTTP/1.1" 200 -
74.125.16.3 - - [28/Apr/2010:01:25:13 -0700] "GET /blog/index.rdf HTTP/1.1" 301 243
207.46.204.188 - - [28/Apr/2010:01:29:54 -0700] "GET /harmonize/trunk/lib/harmonize/ HTTP/1.1" 301 259
72.14.184.21 - - [28/Apr/2010:01:34:38 -0700] "GET /feed/atom.xml HTTP/1.0" 301 250
65.55.106.163 - - [28/Apr/2010:01:34:38 -0700] "GET /robots.txt HTTP/1.1" 301 239
74.125.158.80 - - [28/Apr/2010:01:34:38 -0700] "GET /feed/atom.xml HTTP/1.1" 200 16271
207.46.204.235 - - [28/Apr/2010:01:36:27 -0700] "GET /2008/10/26/cropping-and-pinning-images-with-css HTTP/1.1" 304 -
119.235.237.18 - - [28/Apr/2010:01:38:02 -0700] "GET /repositories/revision/miscellany?rev=e79b8ccedc4885e62a70470b3bbb4d804b70d2d7 HTTP/1.1" 200 4949
65.55.106.182 - - [28/Apr/2010:01:39:25 -0700] "GET /robots.txt HTTP/1.1" 200 99
212.25.124.157 - - [28/Apr/2010:01:40:10 -0700] "GET /favicon.ico HTTP/1.1" 200 -
83.19.65.82 - - [28/Apr/2010:01:42:04 -0700] "GET /favicon.ico HTTP/1.1" 200 -
207.46.199.201 - - [28/Apr/2010:01:43:21 -0700] "GET /robots.txt HTTP/1.1" 200 98
207.46.204.178 - - [28/Apr/2010:01:47:26 -0700] "GET /2008/11/2/bad-news-for-rubyconf HTTP/1.1" 304 -
145.253.74.114 - - [28/Apr/2010:01:51:40 -0700] "GET /favicon.ico HTTP/1.1" 200 -
174.36.241.148 - - [28/Apr/2010:01:54:39 -0700] "GET /feed/atom.xml HTTP/1.1" 301 204
74.125.158.82 - - [28/Apr/2010:01:54:40 -0700] "GET /feed/atom.xml HTTP/1.1" 200 16271
67.218.116.133 - - [28/Apr/2010:01:55:24 -0700] "GET /projects HTTP/1.1" 301 238
67.218.116.132 - - [28/Apr/2010:01:56:44 -0700] "GET /pages/max-msp-blinkm-patch HTTP/1.1" 200 3830
95.108.150.235 - - [28/Apr/2010:01:58:20 -0700] "GET / HTTP/1.1" 200 1443
95.108.150.235 - - [28/Apr/2010:01:58:21 -0700] "GET / HTTP/1.1" 200 1443
95.108.150.235 - - [28/Apr/2010:01:58:22 -0700] "GET / HTTP/1.1" 200 1443
95.108.150.235 - - [28/Apr/2010:01:58:23 -0700] "GET / HTTP/1.1" 200 1443
124.115.6.15 - - [28/Apr/2010:01:58:29 -0700] "GET /robots.txt HTTP/1.1" 301 239
145.53.81.99 - - [28/Apr/2010:02:05:49 -0700] "GET /assets/2008/10/26/headshot-problem.jpg HTTP/1.1" 200 26697
72.14.184.21 - - [28/Apr/2010:02:06:20 -0700] "GET /feed/atom.xml HTTP/1.0" 301 250
83.19.65.82 - - [28/Apr/2010:02:12:08 -0700] "GET /favicon.ico HTTP/1.1" 200 -
74.125.158.81 - - [28/Apr/2010:02:12:54 -0700] "GET /feed/atom.xml HTTP/1.1" 200 16271
207.46.13.99 - - [28/Apr/2010:02:15:25 -0700] "GET /projects/midiator/news?format=atom HTTP/1.0" 500 576
67.218.116.133 - - [28/Apr/2010:02:19:28 -0700] "GET /articles/plist-310-released.html HTTP/1.1" 200 4348
71.123.174.182 - - [28/Apr/2010:02:19:52 -0700] "GET /robots.txt HTTP/1.1" 200 99
74.125.158.81 - - [28/Apr/2010:02:20:50 -0700] "GET /atom.xml HTTP/1.1" 304 -
145.253.74.114 - - [28/Apr/2010:02:21:41 -0700] "GET /favicon.ico HTTP/1.1" 200 -
67.195.114.215 - - [28/Apr/2010:02:25:44 -0700] "GET /stylesheets/application.css?1222796669 HTTP/1.0" 304 -
67.195.114.215 - - [28/Apr/2010:02:25:45 -0700] "GET /stylesheets/jstoolbar.css?1222796669 HTTP/1.0" 304 -
67.195.114.215 - - [28/Apr/2010:02:25:46 -0700] "GET /stylesheets/context_menu.css?1222796669 HTTP/1.0" 304 -
66.249.68.248 - - [28/Apr/2010:02:26:50 -0700] "GET /repositories/browse/midiator HTTP/1.1" 500 576
74.86.17.253 - - [28/Apr/2010:02:28:51 -0700] "GET /feed/atom.xml HTTP/1.1" 301 250
208.115.111.245 - - [28/Apr/2010:02:29:00 -0700] "GET /robots.txt HTTP/1.1" 200 99
208.115.111.245 - - [28/Apr/2010:02:29:00 -0700] "GET /robots.txt HTTP/1.1" 200 98
74.125.158.80 - - [28/Apr/2010:02:29:57 -0700] "GET /feed/atom.xml HTTP/1.1" 200 16271
124.115.0.22 - - [28/Apr/2010:02:32:59 -0700] "GET / HTTP/1.1" 200 4334
124.115.0.22 - - [28/Apr/2010:02:33:16 -0700] "GET /javascripts/controls.js?1230542353 HTTP/1.1" 200 34797
123.125.66.68 - - [28/Apr/2010:02:33:18 -0700] "GET / HTTP/1.1" 200 4334
220.181.7.61 - - [28/Apr/2010:02:33:33 -0700] "GET / HTTP/1.1" 200 4334
72.14.184.21 - - [28/Apr/2010:02:34:56 -0700] "GET /feed/atom.xml HTTP/1.0" 301 250
95.108.150.235 - - [28/Apr/2010:02:35:23 -0700] "GET /robots.txt HTTP/1.1" 301 239
95.108.150.235 - - [28/Apr/2010:02:35:25 -0700] "GET / HTTP/1.1" 301 229
95.108.150.235 - - [28/Apr/2010:02:35:27 -0700] "GET / HTTP/1.1" 200 3703
95.108.150.235 - - [28/Apr/2010:02:35:28 -0700] "GET / HTTP/1.1" 200 3703
69.63.180.249 - - [28/Apr/2010:02:40:26 -0700] "GET /feed/atom.xml HTTP/1.1" 301 204
124.115.6.15 - - [28/Apr/2010:02:41:16 -0700] "GET /robots.txt HTTP/1.1" 301 239
83.19.65.82 - - [28/Apr/2010:02:42:02 -0700] "GET /favicon.ico HTTP/1.1" 200 -
84.55.109.122 - - [28/Apr/2010:02:43:42 -0700] "GET /2006/10/15/keeping-textmate-bundles-up-to-date-with-ruby HTTP/1.1" 200 4115
84.55.109.122 - - [28/Apr/2010:02:43:42 -0700] "GET /stylesheets/main.css HTTP/1.1" 200 1798
84.55.109.122 - - [28/Apr/2010:02:43:43 -0700] "GET /images/bg.png HTTP/1.1" 200 142
84.55.109.122 - - [28/Apr/2010:02:43:43 -0700] "GET /images/user.gif HTTP/1.1" 200 287
84.55.109.122 - - [28/Apr/2010:02:43:44 -0700] "GET /images/post.gif HTTP/1.1" 200 276
84.55.109.122 - - [28/Apr/2010:02:43:46 -0700] "GET /favicon.ico HTTP/1.1" 200 -
124.115.6.15 - - [28/Apr/2010:02:45:59 -0700] "GET /robots.txt HTTP/1.1" 200 99
74.125.158.81 - - [28/Apr/2010:02:46:01 -0700] "GET /feed/atom.xml HTTP/1.1" 200 16271
67.18.5.136 - - [28/Apr/2010:02:46:19 -0700] "GET / HTTP/1.1" 301 229
67.18.5.136 - - [28/Apr/2010:02:46:20 -0700] "GET / HTTP/1.1" 200 3703
65.55.106.139 - - [28/Apr/2010:02:48:59 -0700] "GET /robots.txt HTTP/1.1" 301 239
67.218.116.132 - - [28/Apr/2010:02:49:18 -0700] "GET /pages HTTP/1.1" 200 3550
145.253.74.114 - - [28/Apr/2010:02:51:41 -0700] "GET /favicon.ico HTTP/1.1" 200 -
174.36.228.154 - - [28/Apr/2010:02:59:15 -0700] "GET /feed/atom.xml HTTP/1.1" 301 204
66.249.68.248 - - [28/Apr/2010:03:00:31 -0700] "GET /repositories/browse/midiator/lib/midiator HTTP/1.1" 500 576
78.46.49.183 - - [28/Apr/2010:03:00:42 -0700] "GET /feed/atom.xml HTTP/1.1" 301 250
66.219.58.42 - - [28/Apr/2010:03:02:55 -0700] "GET /robots.txt HTTP/1.1" 200 99
66.219.58.42 - - [28/Apr/2010:03:02:55 -0700] "GET /pages/harmonize HTTP/1.1" 200 3003
74.125.158.82 - - [28/Apr/2010:03:04:15 -0700] "GET /feed/atom.xml HTTP/1.1" 200 16271
72.14.184.21 - - [28/Apr/2010:03:04:57 -0700] "GET /feed/atom.xml HTTP/1.0" 301 250
83.19.65.82 - - [28/Apr/2010:03:12:03 -0700] "GET /favicon.ico HTTP/1.1" 200 -
74.125.158.82 - - [28/Apr/2010:03:18:08 -0700] "GET /atom.xml HTTP/1.1" 304 -
208.80.193.39 - - [28/Apr/2010:03:21:51 -0700] "GET / HTTP/1.0" 301 229
145.253.74.114 - - [28/Apr/2010:03:21:58 -0700] "GET /favicon.ico HTTP/1.1" 200 -
74.125.158.82 - - [28/Apr/2010:03:23:22 -0700] "GET /feed/atom.xml HTTP/1.1" 200 16271
195.184.117.154 - - [28/Apr/2010:03:26:54 -0700] "GET /favicon.ico HTTP/1.1" 200 -
207.46.199.199 - - [28/Apr/2010:03:30:23 -0700] "GET /robots.txt HTTP/1.1" 200 98
74.125.46.86 - - [28/Apr/2010:03:34:19 -0700] "OPTIONS /harmonize/trunk/robots.txt HTTP/1.1" 301 255
74.125.46.86 - - [28/Apr/2010:03:34:19 -0700] "OPTIONS /harmonize/trunk HTTP/1.1" 301 244
74.125.46.86 - - [28/Apr/2010:03:34:19 -0700] "OPTIONS /tat/trunk/robots.txt HTTP/1.1" 301 249
74.125.46.86 - - [28/Apr/2010:03:34:20 -0700] "OPTIONS /tat/trunk HTTP/1.1" 301 238
72.14.184.21 - - [28/Apr/2010:03:34:44 -0700] "GET /feed/atom.xml HTTP/1.0" 301 250
66.249.68.248 - - [28/Apr/2010:03:34:49 -0700] "GET /repositories/browse/midiator/lib/midiator/drivers HTTP/1.1" 500 576
194.72.137.194 - - [28/Apr/2010:03:36:22 -0700] "GET /favicon.ico HTTP/1.1" 200 -
38.99.96.152 - - [28/Apr/2010:03:36:29 -0700] "GET /robots.txt HTTP/1.1" 200 99
38.99.96.152 - - [28/Apr/2010:03:36:29 -0700] "GET / HTTP/1.1" 200 16673
208.115.111.245 - - [28/Apr/2010:03:37:24 -0700] "GET /account/show/1 HTTP/1.1" 200 2869
208.115.111.245 - - [28/Apr/2010:03:38:01 -0700] "GET /repositories/revisions/midiator?per_page=100 HTTP/1.1" 200 42645
208.115.111.245 - - [28/Apr/2010:03:38:06 -0700] "GET /search/index/oss HTTP/1.1" 200 3213
208.115.111.245 - - [28/Apr/2010:03:38:11 -0700] "GET /max/msp HTTP/1.1" 200 3700
208.115.111.245 - - [28/Apr/2010:03:38:16 -0700] "GET /pages HTTP/1.1" 200 3550
208.115.111.245 - - [28/Apr/2010:03:38:21 -0700] "GET /processing HTTP/1.1" 200 2526
67.195.111.189 - - [28/Apr/2010:03:39:56 -0700] "GET /robots.txt HTTP/1.0" 200 99
67.195.111.189 - - [28/Apr/2010:03:39:56 -0700] "GET /stylesheets/main.css HTTP/1.0" 304 -
83.19.65.82 - - [28/Apr/2010:03:42:02 -0700] "GET /favicon.ico HTTP/1.1" 200 -
207.46.204.228 - - [28/Apr/2010:03:43:58 -0700] "GET /repositories/revision/miscellany?rev=6e818be336b47eab0baf5e8a1c21f4b5745ed370 HTTP/1.1" 304 -
74.125.158.81 - - [28/Apr/2010:03:44:09 -0700] "GET /feed/atom.xml HTTP/1.1" 200 16271
208.80.193.39 - - [28/Apr/2010:03:48:52 -0700] "GET / HTTP/1.0" 200 3703
67.195.111.189 - - [28/Apr/2010:03:50:42 -0700] "GET /2006/12/11/tracing-method-execution HTTP/1.0" 304 -
66.249.68.248 - - [28/Apr/2010:03:50:53 -0700] "GET /repositories/changes/midiator/lib/midiator/drivers/core_midi.rb HTTP/1.1" 200 10688
67.218.116.132 - - [28/Apr/2010:03:51:21 -0700] "GET /2008/7/28/back-on-the-air HTTP/1.1" 200 1776
145.253.74.114 - - [28/Apr/2010:03:51:41 -0700] "GET /favicon.ico HTTP/1.1" 200 -
132.252.246.47 - - [28/Apr/2010:03:57:30 -0700] "GET /2006/06/27/dry-out-your-database-yml HTTP/1.1" 200 4109
132.252.246.47 - - [28/Apr/2010:03:57:31 -0700] "GET /stylesheets/main.css HTTP/1.1" 200 1798
132.252.246.47 - - [28/Apr/2010:03:57:31 -0700] "GET /images/bg.png HTTP/1.1" 200 142
132.252.246.47 - - [28/Apr/2010:03:57:31 -0700] "GET /images/user.gif HTTP/1.1" 200 287
132.252.246.47 - - [28/Apr/2010:03:57:31 -0700] "GET /images/post.gif HTTP/1.1" 200 276
132.252.246.47 - - [28/Apr/2010:03:57:32 -0700] "GET /favicon.ico HTTP/1.1" 200 -
67.195.111.189 - - [28/Apr/2010:03:58:42 -0700] "GET /2006/8/4/introducing-harmonize HTTP/1.0" 200 5358
174.36.241.157 - - [28/Apr/2010:03:59:19 -0700] "GET /feed/atom.xml HTTP/1.1" 301 204
74.125.158.82 - - [28/Apr/2010:04:00:51 -0700] "GET /feed/atom.xml HTTP/1.1" 200 16271
74.125.158.82 - - [28/Apr/2010:04:03:26 -0700] "GET /atom.xml HTTP/1.1" 304 -
72.14.184.21 - - [28/Apr/2010:04:04:30 -0700] "GET /feed/atom.xml HTTP/1.0" 301 250
67.195.111.189 - - [28/Apr/2010:04:04:44 -0700] "GET /2005/4/25/lt-clever-wordplay-involving-the-word-rails-gt HTTP/1.0" 200 2448
207.46.195.229 - - [28/Apr/2010:04:07:54 -0700] "GET /2010/2/25/moving HTTP/1.1" 304 -
65.222.202.26 - - [28/Apr/2010:04:07:55 -0700] "GET /2006/06/27/dry-out-your-database-yml HTTP/1.1" 200 4109
65.222.202.26 - - [28/Apr/2010:04:07:55 -0700] "GET /stylesheets/main.css HTTP/1.1" 200 1798
65.222.202.26 - - [28/Apr/2010:04:07:55 -0700] "GET /images/bg.png HTTP/1.1" 200 142
65.222.202.26 - - [28/Apr/2010:04:07:55 -0700] "GET /images/post.gif HTTP/1.1" 200 276
65.222.202.26 - - [28/Apr/2010:04:07:55 -0700] "GET /images/user.gif HTTP/1.1" 200 287
65.222.202.26 - - [28/Apr/2010:04:07:56 -0700] "GET /favicon.ico HTTP/1.1" 200 -
69.63.180.248 - - [28/Apr/2010:04:08:24 -0700] "GET /feed/atom.xml HTTP/1.1" 301 204
67.218.116.132 - - [28/Apr/2010:04:10:28 -0700] "GET /2008/10/22/rubyconf-interview HTTP/1.1" 200 1687
83.19.65.82 - - [28/Apr/2010:04:12:03 -0700] "GET /favicon.ico HTTP/1.1" 200 -
207.46.13.99 - - [28/Apr/2010:04:15:27 -0700] "GET /projects/midiator/news?format=atom HTTP/1.0" 500 576
74.125.158.80 - - [28/Apr/2010:04:18:20 -0700] "GET /feed/atom.xml HTTP/1.1" 200 16271
145.253.74.114 - - [28/Apr/2010:04:21:41 -0700] "GET /favicon.ico HTTP/1.1" 200 -
38.99.97.185 - - [28/Apr/2010:04:22:37 -0700] "GET /robots.txt HTTP/1.1" 200 99
38.99.97.185 - - [28/Apr/2010:04:22:37 -0700] "GET / HTTP/1.1" 200 16673
76.19.37.66 - - [28/Apr/2010:04:26:58 -0700] "GET /pages/harmonize HTTP/1.1" 200 3003
123.125.66.88 - - [28/Apr/2010:04:27:23 -0700] "GET / HTTP/1.1" 200 3703
220.181.7.131 - - [28/Apr/2010:04:27:55 -0700] "GET / HTTP/1.1" 200 3703
68.44.194.206 - - [28/Apr/2010:04:28:21 -0700] "GET /favicon.ico HTTP/1.1" 200 -
67.218.116.132 - - [28/Apr/2010:04:29:43 -0700] "GET /2007/11/17/rubyconf-stuff HTTP/1.1" 200 5466
207.46.13.135 - - [28/Apr/2010:04:30:29 -0700] "GET /robots.txt HTTP/1.1" 200 98
72.14.184.21 - - [28/Apr/2010:04:34:42 -0700] "GET /feed/atom.xml HTTP/1.0" 301 250
74.125.158.82 - - [28/Apr/2010:04:34:43 -0700] "GET /feed/atom.xml HTTP/1.1" 200 16271
75.200.220.220 - - [28/Apr/2010:04:40:46 -0700] "GET /favicon.ico HTTP/1.1" 200 -
83.19.65.82 - - [28/Apr/2010:04:42:25 -0700] "GET /favicon.ico HTTP/1.1" 200 -
65.55.234.159 - - [28/Apr/2010:04:44:36 -0700] "GET /robots.txt HTTP/1.1" 200 99
65.55.234.159 - - [28/Apr/2010:04:44:37 -0700] "GET /pages HTTP/1.1" 200 3550
84.55.109.122 - - [28/Apr/2010:04:45:44 -0700] "GET /2006/10/15/keeping-textmate-bundles-up-to-date-with-ruby HTTP/1.1" 304 -
84.55.109.122 - - [28/Apr/2010:04:45:49 -0700] "GET /stylesheets/main.css HTTP/1.1" 304 -
84.55.109.122 - - [28/Apr/2010:04:45:52 -0700] "GET /images/user.gif HTTP/1.1" 304 -
74.125.158.82 - - [28/Apr/2010:04:45:53 -0700] "GET /atom.xml HTTP/1.1" 304 -
84.55.109.122 - - [28/Apr/2010:04:45:53 -0700] "GET /images/post.gif HTTP/1.1" 304 -
84.55.109.122 - - [28/Apr/2010:04:45:55 -0700] "GET /images/bg.png HTTP/1.1" 304 -
67.218.116.133 - - [28/Apr/2010:04:47:47 -0700] "GET /about HTTP/1.1" 301 235
188.203.82.89 - - [28/Apr/2010:04:50:22 -0700] "GET /favicon.ico HTTP/1.1" 200 -
72.14.184.21 - - [28/Apr/2010:04:50:26 -0700] "GET /feed/atom.xml HTTP/1.0" 301 250
145.253.74.114 - - [28/Apr/2010:04:51:41 -0700] "GET /favicon.ico HTTP/1.1" 200 -
74.125.158.82 - - [28/Apr/2010:04:53:15 -0700] "GET /feed/atom.xml HTTP/1.1" 200 16271
74.208.122.67 - - [28/Apr/2010:04:53:32 -0700] "GET / HTTP/1.0" 200 3703
12.160.64.5 - - [28/Apr/2010:04:55:04 -0700] "GET /favicon.ico HTTP/1.1" 200 -
12.160.64.5 - - [28/Apr/2010:04:55:04 -0700] "GET /favicon.ico HTTP/1.1" 200 -
84.55.109.122 - - [28/Apr/2010:04:59:20 -0700] "GET /pages/mateup HTTP/1.1" 200 3396
84.55.109.122 - - [28/Apr/2010:04:59:21 -0700] "GET /stylesheets/main.css HTTP/1.1" 304 -
84.55.109.122 - - [28/Apr/2010:04:59:21 -0700] "GET /images/bg.png HTTP/1.1" 304 -
174.36.228.154 - - [28/Apr/2010:04:59:25 -0700] "GET /feed/atom.xml HTTP/1.1" 301 204
218.208.222.141 - - [28/Apr/2010:05:04:08 -0700] "GET /favicon.ico HTTP/1.1" 200 -
65.55.106.233 - - [28/Apr/2010:05:07:30 -0700] "GET /robots.txt HTTP/1.1" 301 239
74.125.158.81 - - [28/Apr/2010:05:10:10 -0700] "GET /feed/atom.xml HTTP/1.1" 200 16271
67.195.114.215 - - [28/Apr/2010:05:10:08 -0700] "GET /repositories/revision/midiator?rev=93a84ac04e238a0179a438982b35259f657d48ba HTTP/1.0" 200 4559
67.195.114.215 - - [28/Apr/2010:05:10:12 -0700] "GET /stylesheets/application.css?1222796669 HTTP/1.0" 304 -
67.195.114.215 - - [28/Apr/2010:05:10:12 -0700] "GET /stylesheets/jstoolbar.css?1222796669 HTTP/1.0" 304 -
67.195.114.215 - - [28/Apr/2010:05:10:13 -0700] "GET /stylesheets/scm.css?1222796669 HTTP/1.0" 304 -
83.19.65.82 - - [28/Apr/2010:05:12:02 -0700] "GET /favicon.ico HTTP/1.1" 200 -
67.195.111.189 - - [28/Apr/2010:05:14:38 -0700] "GET /2006/9/21/my-first-library-or-plist-3-0-0-released HTTP/1.0" 200 3711
218.208.222.141 - - [28/Apr/2010:05:16:41 -0700] "GET /favicon.ico HTTP/1.1" 200 -
65.55.37.179 - - [28/Apr/2010:05:16:47 -0700] "GET /robots.txt HTTP/1.1" 200 99
65.55.37.179 - - [28/Apr/2010:05:16:47 -0700] "GET /pages HTTP/1.1" 200 3550
74.125.158.81 - - [28/Apr/2010:05:20:18 -0700] "GET /atom.xml HTTP/1.1" 304 -
72.14.184.21 - - [28/Apr/2010:05:21:24 -0700] "GET /feed/atom.xml HTTP/1.0" 301 250
145.253.74.114 - - [28/Apr/2010:05:21:42 -0700] "GET /favicon.ico HTTP/1.1" 200 -
119.63.198.83 - - [28/Apr/2010:05:24:51 -0700] "GET /repositories/revision/miscellany?rev=a61470b50c24898dbc1d694ed3f163d992b8632f HTTP/1.1" 200 4630
65.55.37.179 - - [28/Apr/2010:05:25:58 -0700] "GET /announcements HTTP/1.1" 200 13095
209.124.161.130 - - [28/Apr/2010:05:28:58 -0700] "GET /2006/06/27/dry-out-your-database-yml HTTP/1.0" 200 4109
209.124.161.130 - - [28/Apr/2010:05:28:59 -0700] "GET /stylesheets/main.css HTTP/1.0" 200 1798
209.124.161.130 - - [28/Apr/2010:05:28:59 -0700] "GET /images/bg.png HTTP/1.0" 200 142
209.124.161.130 - - [28/Apr/2010:05:28:59 -0700] "GET /images/user.gif HTTP/1.0" 200 287
209.124.161.130 - - [28/Apr/2010:05:28:59 -0700] "GET /images/post.gif HTTP/1.0" 200 276
209.124.161.130 - - [28/Apr/2010:05:29:00 -0700] "GET /favicon.ico HTTP/1.0" 200 -
74.125.158.80 - - [28/Apr/2010:05:31:14 -0700] "GET /feed/atom.xml HTTP/1.1" 200 16271
66.249.68.248 - - [28/Apr/2010:05:32:31 -0700] "GET /robots.txt HTTP/1.1" 200 98
167.219.52.10 - - [28/Apr/2010:05:34:05 -0700] "GET /favicon.ico HTTP/1.1" 200 -
67.16.94.2 - - [28/Apr/2010:05:35:22 -0700] "GET /robots.txt HTTP/1.0" 200 99
67.16.94.2 - - [28/Apr/2010:05:35:23 -0700] "GET / HTTP/1.0" 200 61843
72.30.161.242 - - [28/Apr/2010:05:38:48 -0700] "GET /2006/12/11/tracing-method-execution HTTP/1.0" 304 -
72.30.161.242 - - [28/Apr/2010:05:38:49 -0700] "GET /stylesheets/main.css HTTP/1.0" 304 -
203.145.120.35 - - [28/Apr/2010:05:39:58 -0700] "GET /repositories/annotate/midiator/lib/midiator/drivers/core_midi.rb HTTP/1.1" 200 34924
203.145.120.35 - - [28/Apr/2010:05:40:03 -0700] "GET /javascripts/application.js?1222796669 HTTP/1.1" 200 3267
203.145.120.35 - - [28/Apr/2010:05:40:03 -0700] "GET /javascripts/dragdrop.js?1230542353 HTTP/1.1" 200 31534
203.145.120.35 - - [28/Apr/2010:05:40:03 -0700] "GET /stylesheets/jstoolbar.css?1222796669 HTTP/1.1" 200 1934
203.145.120.35 - - [28/Apr/2010:05:40:03 -0700] "GET /stylesheets/application.css?1222796669 HTTP/1.1" 200 20697
203.145.120.35 - - [28/Apr/2010:05:40:04 -0700] "GET /stylesheets/scm.css?1222796669 HTTP/1.1" 200 4741
203.145.120.35 - - [28/Apr/2010:05:40:03 -0700] "GET /javascripts/effects.js?1230542353 HTTP/1.1" 200 38916
203.145.120.35 - - [28/Apr/2010:05:40:03 -0700] "GET /javascripts/controls.js?1230542353 HTTP/1.1" 200 34797
203.145.120.35 - - [28/Apr/2010:05:40:03 -0700] "GET /javascripts/prototype.js?1230542353 HTTP/1.1" 200 125605
203.145.120.35 - - [28/Apr/2010:05:40:04 -0700] "GET /favicon.ico HTTP/1.1" 200 -
216.129.119.12 - - [28/Apr/2010:05:41:03 -0700] "GET /robots.txt HTTP/1.1" 301 239
69.63.180.250 - - [28/Apr/2010:05:41:48 -0700] "GET /feed/atom.xml HTTP/1.1" 301 204
83.19.65.82 - - [28/Apr/2010:05:42:02 -0700] "GET /favicon.ico HTTP/1.1" 200 -
207.46.199.52 - - [28/Apr/2010:05:42:28 -0700] "GET /repositories/entry/midiator/spec/string_extensions_spec.rb HTTP/1.1" 304 -
184.73.85.179 - - [28/Apr/2010:05:44:36 -0700] "GET /robots.txt HTTP/1.1" 200 99
72.14.184.21 - - [28/Apr/2010:05:49:56 -0700] "GET /feed/atom.xml HTTP/1.0" 301 250
74.125.158.81 - - [28/Apr/2010:05:49:57 -0700] "GET /feed/atom.xml HTTP/1.1" 200 16271
145.253.74.114 - - [28/Apr/2010:05:51:42 -0700] "GET /favicon.ico HTTP/1.1" 200 -
207.46.13.100 - - [28/Apr/2010:05:55:56 -0700] "GET / HTTP/1.1" 200 3703
79.194.1.93 - - [28/Apr/2010:05:57:10 -0700] "GET /favicon.ico HTTP/1.1" 200 -
115.124.113.25 - - [28/Apr/2010:06:00:13 -0700] "GET /2009/3/20/which-route-matches-my-path HTTP/1.0" 200 8298
207.46.199.178 - - [28/Apr/2010:06:03:14 -0700] "GET /robots.txt HTTP/1.1" 200 98
207.46.204.188 - - [28/Apr/2010:06:04:54 -0700] "GET /repositories/revisions/miscellany?page=3&per_page=25 HTTP/1.1" 304 -
174.37.205.86 - - [28/Apr/2010:06:06:52 -0700] "GET /feed/atom.xml HTTP/1.1" 301 204
74.125.158.80 - - [28/Apr/2010:06:06:53 -0700] "GET /feed/atom.xml HTTP/1.1" 200 16271
220.181.94.214 - - [28/Apr/2010:06:07:49 -0700] "GET /robots.txt HTTP/1.1" 301 239
220.181.94.214 - - [28/Apr/2010:06:07:58 -0700] "GET / HTTP/1.1" 301 229
220.181.94.214 - - [28/Apr/2010:06:08:08 -0700] "GET / HTTP/1.1" 200 3703
74.86.17.253 - - [28/Apr/2010:06:08:38 -0700] "GET /feed/atom.xml HTTP/1.1" 301 250
66.249.67.14 - - [28/Apr/2010:06:09:05 -0700] "GET / HTTP/1.1" 200 1443
83.19.65.82 - - [28/Apr/2010:06:12:02 -0700] "GET /favicon.ico HTTP/1.1" 200 -
208.115.111.245 - - [28/Apr/2010:06:12:08 -0700] "GET /robots.txt HTTP/1.1" 200 99
208.115.111.245 - - [28/Apr/2010:06:12:08 -0700] "GET /robots.txt HTTP/1.1" 200 98
128.214.9.36 - - [28/Apr/2010:06:21:21 -0700] "GET /favicon.ico HTTP/1.1" 200 -
145.253.74.114 - - [28/Apr/2010:06:21:42 -0700] "GET /favicon.ico HTTP/1.1" 200 -
74.125.158.80 - - [28/Apr/2010:06:22:56 -0700] "GET /feed/atom.xml HTTP/1.1" 200 16271
207.46.13.93 - - [28/Apr/2010:06:22:57 -0700] "GET /pages/wiimote-and-blinkm-processing-sketch HTTP/1.1" 304 -
65.55.216.33 - - [28/Apr/2010:06:27:17 -0700] "GET /robots.txt HTTP/1.1" 200 99
193.47.80.40 - - [28/Apr/2010:06:28:33 -0700] "GET /robots.txt HTTP/1.1" 200 99
193.47.80.40 - - [28/Apr/2010:06:28:33 -0700] "GET /2008/3/23/controlling-a-blinkm-from-max-msp HTTP/1.1" 200 2105
207.46.199.190 - - [28/Apr/2010:06:28:45 -0700] "GET /robots.txt HTTP/1.1" 301 239
207.46.13.145 - - [28/Apr/2010:06:30:25 -0700] "GET /repositories/browse/miscellany/irbhistory HTTP/1.1" 500 576
207.46.13.145 - - [28/Apr/2010:06:31:54 -0700] "GET /repositories/browse/miscellany/irbhistory HTTP/1.0" 500 576
67.218.116.132 - - [28/Apr/2010:06:33:54 -0700] "GET /max/msp HTTP/1.1" 200 3700
67.218.116.132 - - [28/Apr/2010:06:34:54 -0700] "GET /announcements HTTP/1.1" 200 13095
72.14.184.21 - - [28/Apr/2010:06:35:42 -0700] "GET /feed/atom.xml HTTP/1.0" 301 250
207.46.199.41 - - [28/Apr/2010:06:38:17 -0700] "GET /robots.txt HTTP/1.1" 301 239
207.46.199.41 - - [28/Apr/2010:06:38:56 -0700] "GET /harmonize/ HTTP/1.1" 301 239
74.125.158.80 - - [28/Apr/2010:06:39:16 -0700] "GET /feed/atom.xml HTTP/1.1" 200 16271
83.19.65.82 - - [28/Apr/2010:06:42:07 -0700] "GET /favicon.ico HTTP/1.1" 200 -
67.195.111.189 - - [28/Apr/2010:06:42:33 -0700] "GET /2005/07/03/announcements HTTP/1.0" 200 2036
67.195.111.189 - - [28/Apr/2010:06:42:35 -0700] "GET /stylesheets/main.css HTTP/1.0" 304 -
67.195.111.189 - - [28/Apr/2010:06:43:53 -0700] "GET /2006/10/17/pixie-and-color-codes HTTP/1.0" 200 3388
207.46.204.241 - - [28/Apr/2010:06:45:26 -0700] "GET /repositories/revision/miscellany?rev=53ced1ed170caa0e6dfbbc34c3024bce0998912f HTTP/1.1" 304 -
65.55.234.159 - - [28/Apr/2010:06:45:29 -0700] "GET /pages/wiimote-and-blinkm-processing-sketch HTTP/1.1" 200 3482
145.253.74.114 - - [28/Apr/2010:06:51:41 -0700] "GET /favicon.ico HTTP/1.1" 200 -
65.55.234.159 - - [28/Apr/2010:06:52:49 -0700] "GET /2007/9/12/announcing-laika-s-open-source-software HTTP/1.1" 200 3392
38.99.96.33 - - [28/Apr/2010:06:54:37 -0700] "GET /robots.txt HTTP/1.1" 200 99
38.99.96.33 - - [28/Apr/2010:06:54:37 -0700] "GET / HTTP/1.1" 200 16673
74.118.193.84 - - [28/Apr/2010:06:58:48 -0700] "GET / HTTP/1.0" 200 61843
74.125.158.81 - - [28/Apr/2010:07:00:24 -0700] "GET /feed/atom.xml HTTP/1.1" 200 16271
67.195.114.215 - - [28/Apr/2010:07:02:32 -0700] "GET /robots.txt HTTP/1.0" 200 98
67.195.114.215 - - [28/Apr/2010:07:02:32 -0700] "GET /repositories/revision/midiator?rev=7d22efda13211fe817cfe123b5fea9ff80ab5e15 HTTP/1.0" 200 4846
72.14.184.21 - - [28/Apr/2010:07:05:31 -0700] "GET /feed/atom.xml HTTP/1.0" 301 250
174.36.228.154 - - [28/Apr/2010:07:06:58 -0700] "GET /feed/atom.xml HTTP/1.1" 301 204
207.46.199.190 - - [28/Apr/2010:07:08:11 -0700] "GET /robots.txt HTTP/1.1" 200 99
74.125.158.81 - - [28/Apr/2010:07:10:44 -0700] "GET /atom.xml HTTP/1.1" 304 -
207.46.204.192 - - [28/Apr/2010:07:11:57 -0700] "GET /tat/trunk/app/controllers/type_controller.rb HTTP/1.1" 301 273
83.19.65.82 - - [28/Apr/2010:07:12:02 -0700] "GET /favicon.ico HTTP/1.1" 200 -
69.63.180.247 - - [28/Apr/2010:07:13:43 -0700] "GET /feed/atom.xml HTTP/1.1" 301 204
207.46.204.191 - - [28/Apr/2010:07:14:55 -0700] "GET /repositories/browse/miscellany/xwdfetch HTTP/1.1" 500 576
207.46.204.191 - - [28/Apr/2010:07:16:24 -0700] "GET /repositories/browse/miscellany/xwdfetch HTTP/1.0" 500 576
67.218.116.132 - - [28/Apr/2010:07:16:57 -0700] "GET /pages/controlling-electronics-with-ruby HTTP/1.1" 200 2771
67.195.111.189 - - [28/Apr/2010:07:19:25 -0700] "GET /2006/06/27/dry-out-your-database-yml HTTP/1.0" 200 4109
145.253.74.114 - - [28/Apr/2010:07:21:42 -0700] "GET /favicon.ico HTTP/1.1" 200 -
74.125.158.80 - - [28/Apr/2010:07:22:51 -0700] "GET /feed/atom.xml HTTP/1.1" 200 16271
123.125.66.83 - - [28/Apr/2010:07:23:31 -0700] "GET / HTTP/1.1" 200 4334
220.181.7.96 - - [28/Apr/2010:07:23:53 -0700] "GET / HTTP/1.1" 200 4334
208.115.111.245 - - [28/Apr/2010:07:24:38 -0700] "GET /administrivia HTTP/1.1" 200 9472
208.115.111.245 - - [28/Apr/2010:07:24:42 -0700] "GET /announcements HTTP/1.1" 200 13095
208.115.111.245 - - [28/Apr/2010:07:24:46 -0700] "GET /hacks HTTP/1.1" 200 8496
208.115.111.245 - - [28/Apr/2010:07:24:51 -0700] "GET /hardware HTTP/1.1" 200 5036
208.115.111.245 - - [28/Apr/2010:07:24:56 -0700] "GET /ruby HTTP/1.1" 200 16886
208.115.111.245 - - [28/Apr/2010:07:25:30 -0700] "GET /projects/changelog/midiator HTTP/1.1" 200 3376
208.115.111.245 - - [28/Apr/2010:07:25:40 -0700] "GET /reports/issue_report/midiator HTTP/1.1" 200 8035
88.178.186.47 - - [28/Apr/2010:07:26:19 -0700] "GET / HTTP/1.1" 200 16673
88.178.186.47 - - [28/Apr/2010:07:26:19 -0700] "GET /stylesheets/main.css HTTP/1.1" 200 1798
88.178.186.47 - - [28/Apr/2010:07:26:19 -0700] "GET /assets/2008/10/26/headshot-problem.jpg HTTP/1.1" 200 26697
88.178.186.47 - - [28/Apr/2010:07:26:20 -0700] "GET /images/bg.png HTTP/1.1" 200 142
88.178.186.47 - - [28/Apr/2010:07:26:20 -0700] "GET /images/user.gif HTTP/1.1" 200 287
88.178.186.47 - - [28/Apr/2010:07:26:20 -0700] "GET / HTTP/1.1" 304 -
88.178.186.47 - - [28/Apr/2010:07:26:20 -0700] "GET /images/post.gif HTTP/1.1" 200 276
88.178.186.47 - - [28/Apr/2010:07:26:20 -0700] "GET /images/packaged.gif HTTP/1.1" 200 624
88.178.186.47 - - [28/Apr/2010:07:26:20 -0700] "GET /assets/2008/3/8/flin_proxy_1.png HTTP/1.1" 200 95976
88.178.186.47 - - [28/Apr/2010:07:26:20 -0700] "GET / HTTP/1.1" 304 -
88.178.186.47 - - [28/Apr/2010:07:26:21 -0700] "GET /favicon.ico HTTP/1.1" 200 -
91.214.44.59 - - [28/Apr/2010:07:27:09 -0700] "GET /2007/5/16/yet-more-comment-spam-blathering HTTP/1.0" 200 5917
119.235.237.20 - - [28/Apr/2010:07:31:03 -0700] "GET /repositories/revision/midiator?rev=e2f03cc9d78ce2f35b4c0865d02e04b440aa96a2 HTTP/1.1" 200 4632
207.46.13.145 - - [28/Apr/2010:07:31:55 -0700] "GET /repositories/browse/miscellany/irbhistory HTTP/1.0" 500 576
38.99.97.185 - - [28/Apr/2010:07:39:57 -0700] "GET /robots.txt HTTP/1.1" 200 99
38.99.97.185 - - [28/Apr/2010:07:39:57 -0700] "GET / HTTP/1.1" 200 16673
74.125.158.80 - - [28/Apr/2010:07:40:08 -0700] "GET /feed/atom.xml HTTP/1.1" 200 16271
83.19.65.82 - - [28/Apr/2010:07:42:04 -0700] "GET /favicon.ico HTTP/1.1" 200 -
207.46.13.95 - - [28/Apr/2010:07:42:55 -0700] "GET /tat/trunk/app/models/type_item.rb HTTP/1.1" 301 262
207.46.199.189 - - [28/Apr/2010:07:42:56 -0700] "GET /robots.txt HTTP/1.1" 200 98
205.223.239.158 - - [28/Apr/2010:07:43:50 -0700] "GET /favicon.ico HTTP/1.1" 200 -
67.218.116.133 - - [28/Apr/2010:07:49:46 -0700] "GET /articles/blogging-like-a-hacker-part-one.html HTTP/1.1" 200 6054
72.14.184.21 - - [28/Apr/2010:07:49:55 -0700] "GET /feed/atom.xml HTTP/1.0" 301 250
184.73.53.191 - - [28/Apr/2010:07:51:04 -0700] "GET /robots.txt HTTP/1.1" 200 99
145.253.74.114 - - [28/Apr/2010:07:51:46 -0700] "GET /favicon.ico HTTP/1.1" 200 -
74.125.158.82 - - [28/Apr/2010:08:00:40 -0700] "GET /feed/atom.xml HTTP/1.1" 200 16271
74.125.158.81 - - [28/Apr/2010:08:04:16 -0700] "GET /atom.xml HTTP/1.1" 304 -
65.55.207.47 - - [28/Apr/2010:08:04:44 -0700] "GET /robots.txt HTTP/1.1" 200 98
174.37.205.67 - - [28/Apr/2010:08:07:05 -0700] "GET /feed/atom.xml HTTP/1.1" 301 204
207.46.204.178 - - [28/Apr/2010:08:07:26 -0700] "GET /projects HTTP/1.1" 304 -
83.19.65.82 - - [28/Apr/2010:08:12:01 -0700] "GET /favicon.ico HTTP/1.1" 200 -
207.46.199.50 - - [28/Apr/2010:08:13:56 -0700] "GET /repositories/revision/miscellany?rev=53a3903ed169adf88fe0a7b2900b8e40826d6a6e HTTP/1.1" 304 -
207.46.204.191 - - [28/Apr/2010:08:16:25 -0700] "GET /repositories/browse/miscellany/xwdfetch HTTP/1.0" 500 576
207.46.195.242 - - [28/Apr/2010:08:16:55 -0700] "GET /projects/midiator/issues HTTP/1.1" 200 23707
119.63.198.117 - - [28/Apr/2010:08:18:46 -0700] "GET /repositories/revision/miscellany?rev=a4c69430c982b1cebe62ef485eba6a947efd5879 HTTP/1.1" 200 4733
207.46.204.236 - - [28/Apr/2010:08:20:56 -0700] "GET /issues/show/8 HTTP/1.1" 500 576
24.16.9.26 - - [28/Apr/2010:08:21:32 -0700] "GET / HTTP/1.1" 304 -
24.16.9.26 - - [28/Apr/2010:08:21:32 -0700] "GET /styles.css HTTP/1.1" 304 -
24.16.9.26 - - [28/Apr/2010:08:21:33 -0700] "GET /advanced/ HTTP/1.1" 304 -
24.16.9.26 - - [28/Apr/2010:08:21:41 -0700] "GET /advanced/exercises/week4.html HTTP/1.1" 304 -
145.253.74.114 - - [28/Apr/2010:08:21:42 -0700] "GET /favicon.ico HTTP/1.1" 200 -
74.125.158.82 - - [28/Apr/2010:08:21:53 -0700] "GET /feed/atom.xml HTTP/1.1" 200 16271
207.46.204.236 - - [28/Apr/2010:08:22:24 -0700] "GET /issues/show/8 HTTP/1.0" 500 576
77.221.130.42 - - [28/Apr/2010:08:24:28 -0700] "GET /2006/10/15/keeping-textmate-bundles-up-to-date-with-ruby HTTP/1.1" 200 11701
81.6.209.163 - - [28/Apr/2010:08:24:44 -0700] "GET /pages HTTP/1.1" 200 3550
81.6.209.163 - - [28/Apr/2010:08:24:44 -0700] "GET /stylesheets/main.css HTTP/1.1" 200 1798
81.6.209.163 - - [28/Apr/2010:08:24:45 -0700] "GET /images/bg.png HTTP/1.1" 200 142
81.6.209.163 - - [28/Apr/2010:08:24:46 -0700] "GET /favicon.ico HTTP/1.1" 200 -
207.46.195.233 - - [28/Apr/2010:08:28:26 -0700] "GET /tat/trunk/public/dispatch.fcgi HTTP/1.1" 301 259
66.249.68.39 - - [28/Apr/2010:08:28:29 -0700] "GET / HTTP/1.1" 200 1443
76.174.12.234 - - [28/Apr/2010:08:31:28 -0700] "GET /2006/06/27/dry-out-your-database-yml HTTP/1.1" 200 4109
76.174.12.234 - - [28/Apr/2010:08:31:28 -0700] "GET /stylesheets/main.css HTTP/1.1" 200 1798
76.174.12.234 - - [28/Apr/2010:08:31:28 -0700] "GET /images/bg.png HTTP/1.1" 200 142
76.174.12.234 - - [28/Apr/2010:08:31:28 -0700] "GET /images/user.gif HTTP/1.1" 200 287
76.174.12.234 - - [28/Apr/2010:08:31:28 -0700] "GET /images/post.gif HTTP/1.1" 200 276
76.174.12.234 - - [28/Apr/2010:08:31:29 -0700] "GET /favicon.ico HTTP/1.1" 200 -
207.46.204.212 - - [28/Apr/2010:08:33:00 -0700] "GET /repositories/revision/midiator?rev=1e5263b59f2c0e05fc0985554c911146e16a6507 HTTP/1.1" 200 5451
207.46.204.212 - - [28/Apr/2010:08:33:06 -0700] "GET /javascripts/prototype.js?1230542353 HTTP/1.1" 200 125605
207.46.204.212 - - [28/Apr/2010:08:33:09 -0700] "GET /stylesheets/application.css?1222796669 HTTP/1.1" 200 20697
207.46.204.212 - - [28/Apr/2010:08:33:16 -0700] "GET /javascripts/effects.js?1230542353 HTTP/1.1" 200 38916
207.46.204.212 - - [28/Apr/2010:08:33:17 -0700] "GET /javascripts/dragdrop.js?1230542353 HTTP/1.1" 200 31534
207.46.204.212 - - [28/Apr/2010:08:33:19 -0700] "GET /javascripts/controls.js?1230542353 HTTP/1.1" 200 34797
207.46.204.212 - - [28/Apr/2010:08:33:19 -0700] "GET /javascripts/application.js?1222796669 HTTP/1.1" 200 3267
207.46.204.212 - - [28/Apr/2010:08:33:20 -0700] "GET /stylesheets/jstoolbar.css?1222796669 HTTP/1.1" 200 1934
207.46.204.212 - - [28/Apr/2010:08:33:20 -0700] "GET /stylesheets/scm.css?1222796669 HTTP/1.1" 200 4741
72.14.184.21 - - [28/Apr/2010:08:36:05 -0700] "GET /feed/atom.xml HTTP/1.0" 301 250
220.181.27.25 - - [28/Apr/2010:08:38:54 -0700] "GET / HTTP/1.0" 301 229
220.181.27.25 - - [28/Apr/2010:08:38:55 -0700] "GET / HTTP/1.0" 200 3703
83.19.65.82 - - [28/Apr/2010:08:42:03 -0700] "GET /favicon.ico HTTP/1.1" 200 -
74.125.158.82 - - [28/Apr/2010:08:44:04 -0700] "GET /feed/atom.xml HTTP/1.1" 200 16271
207.46.13.40 - - [28/Apr/2010:08:50:54 -0700] "GET /projects/midiator/issues HTTP/1.1" 304 -
145.253.74.114 - - [28/Apr/2010:08:51:42 -0700] "GET /favicon.ico HTTP/1.1" 200 -
207.46.199.178 - - [28/Apr/2010:08:55:03 -0700] "GET /robots.txt HTTP/1.1" 200 98
77.221.130.42 - - [28/Apr/2010:08:55:03 -0700] "GET /2006/10/15/keeping-textmate-bundles-up-to-date-with-ruby HTTP/1.1" 200 11701
67.218.116.132 - - [28/Apr/2010:08:58:37 -0700] "GET /2008/10/20/announcing-midiator HTTP/1.1" 200 4798
69.63.180.251 - - [28/Apr/2010:08:59:48 -0700] "GET /feed/atom.xml HTTP/1.1" 301 204
74.125.158.82 - - [28/Apr/2010:09:00:04 -0700] "GET /atom.xml HTTP/1.1" 304 -
74.125.158.82 - - [28/Apr/2010:09:00:21 -0700] "GET /feed/atom.xml HTTP/1.1" 200 16271
65.55.106.208 - - [28/Apr/2010:09:05:18 -0700] "GET /robots.txt HTTP/1.1" 200 99
72.14.184.21 - - [28/Apr/2010:09:05:41 -0700] "GET /feed/atom.xml HTTP/1.0" 301 250
65.55.207.71 - - [28/Apr/2010:09:07:07 -0700] "GET /robots.txt HTTP/1.1" 301 239
174.37.205.86 - - [28/Apr/2010:09:07:18 -0700] "GET /feed/atom.xml HTTP/1.1" 301 204
67.195.111.189 - - [28/Apr/2010:09:07:29 -0700] "GET /2007/7/30/announcing-shell-style-history-for-irb-the-fix%0D%0Aed-edition HTTP/1.0" 500 407
207.46.199.198 - - [28/Apr/2010:09:08:13 -0700] "GET /robots.txt HTTP/1.1" 301 239
67.195.111.189 - - [28/Apr/2010:09:09:19 -0700] "GET /stylesheets/mephisto/error.css HTTP/1.0" 200 117
174.36.241.155 - - [28/Apr/2010:09:15:50 -0700] "GET / HTTP/1.1" 200 16673
119.63.193.55 - - [28/Apr/2010:09:16:52 -0700] "GET / HTTP/1.1" 200 38720
207.46.199.179 - - [28/Apr/2010:09:16:54 -0700] "GET /robots.txt HTTP/1.1" 200 99
207.46.204.191 - - [28/Apr/2010:09:17:18 -0700] "GET /robots.txt HTTP/1.1" 301 239
74.125.158.80 - - [28/Apr/2010:09:17:29 -0700] "GET /feed/atom.xml HTTP/1.1" 200 16271
207.46.204.191 - - [28/Apr/2010:09:17:55 -0700] "GET /pdfs/cewr.pdf HTTP/1.1" 301 242
67.195.114.215 - - [28/Apr/2010:09:18:10 -0700] "GET /repositories/changes/midiator/LICENSE HTTP/1.0" 200 6199
67.195.114.215 - - [28/Apr/2010:09:18:14 -0700] "GET /stylesheets/application.css?1222796669 HTTP/1.0" 304 -
67.195.114.215 - - [28/Apr/2010:09:18:14 -0700] "GET /stylesheets/jstoolbar.css?1222796669 HTTP/1.0" 304 -
207.46.13.99 - - [28/Apr/2010:09:20:25 -0700] "GET /hacks HTTP/1.1" 304 -
67.195.114.215 - - [28/Apr/2010:09:22:25 -0700] "GET /repositories/entry/midiator/LICENSE?format=raw HTTP/1.0" 200 1095
207.46.13.144 - - [28/Apr/2010:09:22:27 -0700] "GET /tat/trunk/app/helpers/application_helper.rb HTTP/1.1" 301 272
207.46.204.236 - - [28/Apr/2010:09:22:26 -0700] "GET /issues/show/8 HTTP/1.0" 500 576
66.30.15.139 - - [28/Apr/2010:09:22:54 -0700] "GET /2006/06/27/dry-out-your-database-yml HTTP/1.1" 200 4109
66.30.15.139 - - [28/Apr/2010:09:22:54 -0700] "GET /stylesheets/main.css HTTP/1.1" 200 1798
66.30.15.139 - - [28/Apr/2010:09:22:55 -0700] "GET /images/bg.png HTTP/1.1" 200 142
66.30.15.139 - - [28/Apr/2010:09:22:55 -0700] "GET /images/user.gif HTTP/1.1" 200 287
66.30.15.139 - - [28/Apr/2010:09:22:55 -0700] "GET /images/post.gif HTTP/1.1" 200 276
66.30.15.139 - - [28/Apr/2010:09:22:55 -0700] "GET /favicon.ico HTTP/1.1" 200 -
67.195.111.189 - - [28/Apr/2010:09:25:55 -0700] "GET / HTTP/1.0" 304 -
67.195.111.189 - - [28/Apr/2010:09:25:56 -0700] "GET /stylesheets/main.css HTTP/1.0" 304 -
67.195.114.215 - - [28/Apr/2010:09:26:07 -0700] "GET /stylesheets/context_menu.css?1222796669 HTTP/1.0" 304 -
72.14.192.67 - - [28/Apr/2010:09:26:37 -0700] "GET /favicon.ico HTTP/1.1" 200 -
220.181.7.90 - - [28/Apr/2010:09:27:44 -0700] "GET / HTTP/1.1" 200 3703
123.125.66.85 - - [28/Apr/2010:09:27:49 -0700] "GET / HTTP/1.1" 200 3703
174.37.205.86 - - [28/Apr/2010:09:30:45 -0700] "GET / HTTP/1.1" 200 16673
78.46.49.183 - - [28/Apr/2010:09:31:57 -0700] "GET /feed/atom.xml HTTP/1.1" 301 250
207.46.13.145 - - [28/Apr/2010:09:31:56 -0700] "GET /repositories/browse/miscellany/irbhistory HTTP/1.0" 500 576
66.249.67.91 - - [28/Apr/2010:09:32:44 -0700] "GET /robots.txt HTTP/1.1" 200 99
74.125.158.80 - - [28/Apr/2010:09:35:27 -0700] "GET /feed/atom.xml HTTP/1.1" 200 16271
67.195.111.189 - - [28/Apr/2010:09:37:01 -0700] "GET /2005/5/3/modifying-files-in-place-from-inside-ruby HTTP/1.0" 200 2002
88.131.106.31 - - [28/Apr/2010:09:37:16 -0700] "GET /robots.txt HTTP/1.0" 200 99
88.131.106.31 - - [28/Apr/2010:09:37:17 -0700] "GET /2007/11/17/rubyconf-stuff HTTP/1.0" 200 5466
124.115.0.22 - - [28/Apr/2010:09:37:49 -0700] "GET / HTTP/1.1" 200 4334
74.86.17.253 - - [28/Apr/2010:09:45:30 -0700] "GET /feed/atom.xml HTTP/1.1" 301 250
74.125.16.3 - - [28/Apr/2010:09:49:14 -0700] "GET /feed/atom.xml HTTP/1.1" 301 204
111.240.217.196 - - [28/Apr/2010:09:51:23 -0700] "GET /favicon.ico HTTP/1.1" 200 -
74.125.158.82 - - [28/Apr/2010:09:54:42 -0700] "GET /feed/atom.xml HTTP/1.1" 200 16271
66.249.68.248 - - [28/Apr/2010:09:55:38 -0700] "GET /repositories/entry/midiator//README?format=raw HTTP/1.1" 500 2962
208.115.111.245 - - [28/Apr/2010:09:57:47 -0700] "GET /robots.txt HTTP/1.1" 200 98
92.240.68.153 - - [28/Apr/2010:10:04:30 -0700] "GET http://blog.irent2u.com/wp-content/uploads/2008/03/rent-a-car.jpg HTTP/1.1" 301 270
67.195.111.189 - - [28/Apr/2010:10:05:06 -0700] "GET /2007/11/17/rubyconf-stuff HTTP/1.0" 200 5466
72.14.184.21 - - [28/Apr/2010:10:05:37 -0700] "GET /feed/atom.xml HTTP/1.0" 301 250
174.36.228.154 - - [28/Apr/2010:10:07:30 -0700] "GET /feed/atom.xml HTTP/1.1" 301 204
72.14.193.65 - - [28/Apr/2010:10:07:31 -0700] "GET /blog/index.rdf HTTP/1.1" 301 243
67.195.111.189 - - [28/Apr/2010:10:09:04 -0700] "GET /2006/7/14/announcing-foscon-ii-the-ruby-rodeo HTTP/1.0" 200 2170
38.99.96.152 - - [28/Apr/2010:10:12:18 -0700] "GET /robots.txt HTTP/1.1" 200 99
38.99.96.152 - - [28/Apr/2010:10:12:20 -0700] "GET / HTTP/1.1" 200 16673
207.46.199.201 - - [28/Apr/2010:10:12:49 -0700] "GET /robots.txt HTTP/1.1" 200 98
67.195.111.189 - - [28/Apr/2010:10:14:48 -0700] "GET /2008/3/23/controlling-a-blinkm-from-max-msp HTTP/1.0" 200 2105
74.125.158.80 - - [28/Apr/2010:10:15:22 -0700] "GET /feed/atom.xml HTTP/1.1" 200 16271
207.46.204.191 - - [28/Apr/2010:10:16:28 -0700] "GET /repositories/browse/miscellany/xwdfetch HTTP/1.0" 500 576
71.39.95.162 - - [28/Apr/2010:10:16:48 -0700] "GET /favicon.ico HTTP/1.1" 200 -
71.39.95.162 - - [28/Apr/2010:10:16:48 -0700] "GET / HTTP/1.1" 200 16673
71.39.95.162 - - [28/Apr/2010:10:16:48 -0700] "GET /stylesheets/main.css HTTP/1.1" 200 1798
71.39.95.162 - - [28/Apr/2010:10:16:48 -0700] "GET /images/bg.png HTTP/1.1" 200 142
71.39.95.162 - - [28/Apr/2010:10:16:48 -0700] "GET /images/user.gif HTTP/1.1" 200 287
71.39.95.162 - - [28/Apr/2010:10:16:49 -0700] "GET /images/post.gif HTTP/1.1" 200 276
71.39.95.162 - - [28/Apr/2010:10:16:49 -0700] "GET /images/packaged.gif HTTP/1.1" 200 624
71.39.95.162 - - [28/Apr/2010:10:16:49 -0700] "GET /assets/2008/10/26/headshot-problem.jpg HTTP/1.1" 200 26697
71.39.95.162 - - [28/Apr/2010:10:16:50 -0700] "GET /assets/2008/3/8/flin_proxy_1.png HTTP/1.1" 200 95976
71.39.95.162 - - [28/Apr/2010:10:17:01 -0700] "GET / HTTP/1.1" 200 3703
71.39.95.162 - - [28/Apr/2010:10:17:01 -0700] "GET /css/styles.css HTTP/1.1" 200 3020
71.39.95.162 - - [28/Apr/2010:10:17:01 -0700] "GET /css/syntax.css HTTP/1.1" 200 3738
71.39.95.162 - - [28/Apr/2010:10:17:02 -0700] "GET /css/colors.css HTTP/1.1" 200 632
71.39.95.162 - - [28/Apr/2010:10:17:02 -0700] "GET /js/jquery.js HTTP/1.1" 200 72174
71.39.95.162 - - [28/Apr/2010:10:17:03 -0700] "GET /js/site.js HTTP/1.1" 200 1117
71.39.95.162 - - [28/Apr/2010:10:17:03 -0700] "GET /img/bg.png HTTP/1.1" 200 114
71.39.95.162 - - [28/Apr/2010:10:17:03 -0700] "GET /favicon.ico HTTP/1.1" 200 -
71.39.95.162 - - [28/Apr/2010:10:17:06 -0700] "GET /about HTTP/1.1" 301 235
71.39.95.162 - - [28/Apr/2010:10:17:06 -0700] "GET /about/ HTTP/1.1" 200 4828
71.39.95.162 - - [28/Apr/2010:10:17:54 -0700] "GET /projects HTTP/1.1" 301 238
71.39.95.162 - - [28/Apr/2010:10:17:54 -0700] "GET /projects/ HTTP/1.1" 200 3077
71.39.95.162 - - [28/Apr/2010:10:18:14 -0700] "GET /about HTTP/1.1" 301 235
207.46.204.178 - - [28/Apr/2010:10:24:55 -0700] "GET /repositories/revision/miscellany?rev=a4c69430c982b1cebe62ef485eba6a947efd5879 HTTP/1.1" 304 -
74.125.158.81 - - [28/Apr/2010:10:25:45 -0700] "GET /atom.xml HTTP/1.1" 304 -
66.249.68.248 - - [28/Apr/2010:10:25:52 -0700] "GET /javascripts/controls.js?1230542353 HTTP/1.1" 200 34797
66.249.68.248 - - [28/Apr/2010:10:25:53 -0700] "GET /javascripts/prototype.js?1230542353 HTTP/1.1" 200 125605
66.249.68.248 - - [28/Apr/2010:10:25:53 -0700] "GET /stylesheets/jstoolbar.css?1222796669 HTTP/1.1" 200 1934
66.249.68.248 - - [28/Apr/2010:10:25:54 -0700] "GET /javascripts/application.js?1222796669 HTTP/1.1" 200 3267
66.249.68.248 - - [28/Apr/2010:10:25:55 -0700] "GET /javascripts/dragdrop.js?1230542353 HTTP/1.1" 200 31534
66.249.68.248 - - [28/Apr/2010:10:25:55 -0700] "GET /javascripts/effects.js?1230542353 HTTP/1.1" 200 38916
66.249.68.248 - - [28/Apr/2010:10:25:56 -0700] "GET /stylesheets/application.css?1222796669 HTTP/1.1" 200 20697
66.249.68.248 - - [28/Apr/2010:10:25:57 -0700] "GET /stylesheets/scm.css?1222796669 HTTP/1.1" 200 4741
67.218.116.132 - - [28/Apr/2010:10:29:19 -0700] "GET /hardware HTTP/1.1" 200 5036
65.55.234.159 - - [28/Apr/2010:10:32:52 -0700] "GET /robots.txt HTTP/1.1" 200 98
65.55.234.159 - - [28/Apr/2010:10:32:52 -0700] "GET / HTTP/1.1" 200 4323
74.125.158.81 - - [28/Apr/2010:10:35:40 -0700] "GET /feed/atom.xml HTTP/1.1" 200 16271
65.82.99.253 - - [28/Apr/2010:10:38:57 -0700] "GET /2006/9/21/my-first-library-or-plist-3-0-0-released HTTP/1.1" 200 3711
65.82.99.253 - - [28/Apr/2010:10:38:57 -0700] "GET /stylesheets/main.css HTTP/1.1" 200 1798
65.82.99.253 - - [28/Apr/2010:10:38:58 -0700] "GET /images/post.gif HTTP/1.1" 200 276
65.82.99.253 - - [28/Apr/2010:10:38:58 -0700] "GET /images/bg.png HTTP/1.1" 200 142
65.82.99.253 - - [28/Apr/2010:10:38:58 -0700] "GET /images/user.gif HTTP/1.1" 200 287
65.82.99.253 - - [28/Apr/2010:10:38:58 -0700] "GET /favicon.ico HTTP/1.1" 200 -
84.51.164.21 - - [28/Apr/2010:10:41:08 -0700] "GET /favicon.ico HTTP/1.0" 200 -
88.68.122.225 - - [28/Apr/2010:10:44:02 -0700] "GET /favicon.ico HTTP/1.1" 200 -
88.68.122.225 - - [28/Apr/2010:10:44:02 -0700] "GET / HTTP/1.1" 200 3703
65.55.106.234 - - [28/Apr/2010:10:46:53 -0700] "GET /robots.txt HTTP/1.1" 301 239
84.51.164.21 - - [28/Apr/2010:10:48:08 -0700] "GET /favicon.ico HTTP/1.0" 200 -
72.14.184.21 - - [28/Apr/2010:10:50:19 -0700] "GET /feed/atom.xml HTTP/1.0" 301 250
69.63.180.250 - - [28/Apr/2010:10:50:48 -0700] "GET /feed/atom.xml HTTP/1.1" 301 204
93.174.93.80 - - [28/Apr/2010:10:53:24 -0700] "GET / HTTP/1.0" 200 61843
65.82.99.253 - - [28/Apr/2010:10:54:14 -0700] "GET /2006/9/21/my-first-library-or-plist-3-0-0-released HTTP/1.1" 200 3711
65.82.99.253 - - [28/Apr/2010:10:54:15 -0700] "GET /stylesheets/main.css HTTP/1.1" 304 -
65.82.99.253 - - [28/Apr/2010:10:54:15 -0700] "GET /images/user.gif HTTP/1.1" 304 -
65.82.99.253 - - [28/Apr/2010:10:54:15 -0700] "GET /images/bg.png HTTP/1.1" 304 -
65.82.99.253 - - [28/Apr/2010:10:54:15 -0700] "GET /images/post.gif HTTP/1.1" 304 -
65.82.99.253 - - [28/Apr/2010:10:54:15 -0700] "GET /favicon.ico HTTP/1.1" 200 -
38.99.97.185 - - [28/Apr/2010:10:57:33 -0700] "GET /robots.txt HTTP/1.1" 200 99
38.99.97.185 - - [28/Apr/2010:10:57:33 -0700] "GET / HTTP/1.1" 200 16673
67.218.116.132 - - [28/Apr/2010:10:57:56 -0700] "GET /2008/11/23/midiator-v0-3-0-released HTTP/1.1" 200 2215
85.183.48.175 - - [28/Apr/2010:10:58:18 -0700] "GET /2008/2/1/wiimote-and-blinkm-are-love HTTP/1.1" 200 3898
85.183.48.175 - - [28/Apr/2010:10:58:20 -0700] "GET /stylesheets/main.css HTTP/1.1" 200 1798
85.183.48.175 - - [28/Apr/2010:10:58:20 -0700] "GET /images/user.gif HTTP/1.1" 200 287
85.183.48.175 - - [28/Apr/2010:10:58:20 -0700] "GET /images/bg.png HTTP/1.1" 200 142
85.183.48.175 - - [28/Apr/2010:10:58:20 -0700] "GET /images/post.gif HTTP/1.1" 200 276
85.183.48.175 - - [28/Apr/2010:10:58:23 -0700] "GET /favicon.ico HTTP/1.1" 200 -
66.249.68.248 - - [28/Apr/2010:10:59:20 -0700] "GET /repositories/browse/midiator HTTP/1.1" 500 576
74.125.158.80 - - [28/Apr/2010:11:00:21 -0700] "GET /feed/atom.xml HTTP/1.1" 200 16271
88.68.122.225 - - [28/Apr/2010:11:08:41 -0700] "GET /favicon.ico HTTP/1.1" 200 -
76.9.199.182 - - [28/Apr/2010:11:09:16 -0700] "GET /favicon.ico HTTP/1.1" 200 -
208.115.111.245 - - [28/Apr/2010:11:09:56 -0700] "GET /help/wiki_syntax.html?1222796668 HTTP/1.1" 200 4148
208.115.111.245 - - [28/Apr/2010:11:10:18 -0700] "GET /projects/linode/documents HTTP/1.1" 200 5675
208.115.111.245 - - [28/Apr/2010:11:10:23 -0700] "GET /projects/linode/issues HTTP/1.1" 200 17513
208.115.111.245 - - [28/Apr/2010:11:10:28 -0700] "GET /projects/linode/issues/new HTTP/1.1" 200 8410
208.115.111.245 - - [28/Apr/2010:11:10:33 -0700] "GET /projects/linode/news HTTP/1.1" 200 5039
208.115.111.245 - - [28/Apr/2010:11:10:38 -0700] "GET /projects/list_files/linode HTTP/1.1" 200 4507
208.115.111.245 - - [28/Apr/2010:11:10:43 -0700] "GET /repositories/show/linode HTTP/1.1" 500 576
208.115.111.245 - - [28/Apr/2010:11:10:48 -0700] "GET /search/index/linode HTTP/1.1" 200 4245
208.115.111.245 - - [28/Apr/2010:11:11:03 -0700] "GET /repositories/show/linode HTTP/1.1" 500 576
207.46.199.184 - - [28/Apr/2010:11:15:32 -0700] "GET /robots.txt HTTP/1.1" 301 239
174.36.228.154 - - [28/Apr/2010:11:17:01 -0700] "GET /feed/atom.xml HTTP/1.1" 301 204
74.125.158.80 - - [28/Apr/2010:11:17:02 -0700] "GET /feed/atom.xml HTTP/1.1" 200 16271
95.42.44.175 - - [28/Apr/2010:11:17:40 -0700] "GET /ruby HTTP/1.1" 200 16886
